[500, [ReceiptItem[productName=Tea, quantity=2, unitPrice=1.5], ReceiptItem[productName=Cookie, quantity=3, unitPrice=0.8]]] => RECEIPT FOR ORDER 500 :

Tea x2 @ 1,50 = 3,00
Cookie x3 @ 0,80 = 2,40
TOTAL = 5,40
 
[500, [ReceiptItem[productName=Coffee, quantity=1, unitPrice=3.2], ReceiptItem[productName=Muffin, quantity=2, unitPrice=2.1]]] => RECEIPT FOR ORDER 500 :

Coffee x1 @ 3,20 = 3,20
Muffin x2 @ 2,10 = 4,20
TOTAL = 7,40
 
[600, [ReceiptItem[productName=Tea, quantity=2, unitPrice=1.5], ReceiptItem[productName=Cookie, quantity=3, unitPrice=0.8]]] => RECEIPT FOR ORDER 600 :

Tea x2 @ 1,50 = 3,00
Cookie x3 @ 0,80 = 2,40
TOTAL = 5,40
 
[600, [ReceiptItem[productName=Coffee, quantity=1, unitPrice=3.2], ReceiptItem[productName=Muffin, quantity=2, unitPrice=2.1]]] => RECEIPT FOR ORDER 600 :

Coffee x1 @ 3,20 = 3,20
Muffin x2 @ 2,10 = 4,20
TOTAL = 7,40
 
