RECEIPT FOR ORDER 1001 :

Tea x2 @ 1,50 = 3,00
Coffee x1 @ 3,20 = 3,20
Cookie x3 @ 0,80 = 2,40

TOTAL = 8,60
